<?php return array (
  0 => 'Symfony\\Bundle\\FrameworkBundle\\Controller\\AbstractController',
  1 => 'App\\Controller\\AccountController',
  2 => 'App\\Controller\\BaseController',
  3 => 'App\\Controller\\CartController',
  4 => 'App\\Controller\\CheckoutController',
  5 => 'App\\Controller\\ContentController',
  6 => 'App\\Controller\\DefaultController',
  7 => 'App\\Controller\\NewsController',
  8 => 'App\\Controller\\PaymentController',
  9 => 'App\\Controller\\ProductController',
  10 => 'App\\Controller\\Web2printController',
  11 => 'Box\\Spout\\Common\\Entity\\Cell',
  12 => 'Box\\Spout\\Common\\Entity\\Row',
  13 => 'Box\\Spout\\Common\\Entity\\Style\\Border',
  14 => 'Box\\Spout\\Common\\Entity\\Style\\BorderPart',
  15 => 'Box\\Spout\\Common\\Entity\\Style\\CellAlignment',
  16 => 'Box\\Spout\\Common\\Entity\\Style\\Color',
  17 => 'Box\\Spout\\Common\\Entity\\Style\\Style',
  18 => 'Box\\Spout\\Reader\\Common\\Entity\\Options',
  19 => 'Box\\Spout\\Writer\\Common\\Entity\\Options',
  20 => 'Box\\Spout\\Writer\\Common\\Entity\\Sheet',
  21 => 'Box\\Spout\\Writer\\Common\\Entity\\Workbook',
  22 => 'Box\\Spout\\Writer\\Common\\Entity\\Worksheet',
  23 => 'CustomerManagementFrameworkBundle\\Controller\\Admin',
  24 => 'CustomerManagementFrameworkBundle\\Controller\\Admin\\ActivitiesController',
  25 => 'CustomerManagementFrameworkBundle\\Controller\\Admin\\CustomersController',
  26 => 'CustomerManagementFrameworkBundle\\Controller\\Admin\\Customers\\FilterDefinitionController',
  27 => 'CustomerManagementFrameworkBundle\\Controller\\Admin\\DuplicatesController',
  28 => 'CustomerManagementFrameworkBundle\\Controller\\Admin\\GDPRDataController',
  29 => 'CustomerManagementFrameworkBundle\\Controller\\Admin\\HelperController',
  30 => 'CustomerManagementFrameworkBundle\\Controller\\Admin\\RulesController',
  31 => 'CustomerManagementFrameworkBundle\\Controller\\Admin\\SegmentAssignmentController',
  32 => 'CustomerManagementFrameworkBundle\\Controller\\Admin\\SettingsController',
  33 => 'CustomerManagementFrameworkBundle\\Controller\\Admin\\TemplatesController',
  34 => 'CustomerManagementFrameworkBundle\\Controller\\Preview\\ObjectPreviewController',
  35 => 'CustomerManagementFrameworkBundle\\Controller\\Report\\TermSegmentBuilderController',
  36 => 'CustomerManagementFrameworkBundle\\Controller\\Rest\\AbstractRestController',
  37 => 'CustomerManagementFrameworkBundle\\Controller\\Rest\\Api\\ActivitiesController',
  38 => 'CustomerManagementFrameworkBundle\\Controller\\Rest\\Api\\CustomersController',
  39 => 'CustomerManagementFrameworkBundle\\Controller\\Rest\\Api\\DeletionsController',
  40 => 'CustomerManagementFrameworkBundle\\Controller\\Rest\\Api\\SegmentGroupsController',
  41 => 'CustomerManagementFrameworkBundle\\Controller\\Rest\\Api\\SegmentsController',
  42 => 'CustomerManagementFrameworkBundle\\Controller\\Rest\\Api\\SegmentsOfCustomersController',
  43 => 'CustomerManagementFrameworkBundle\\Controller\\Rest\\CrudHandlerController',
  44 => 'CustomerManagementFrameworkBundle\\Controller\\Rest\\Mailchimp\\WebhookController',
  45 => 'CustomerManagementFrameworkBundle\\Controller\\Rest\\Newsletter\\AdminController',
  46 => 'CustomerManagementFrameworkBundle\\Controller\\Rest\\RestHandlerController',
  47 => 'Doctrine\\Bundle\\DoctrineBundle\\Controller\\ProfilerController',
  48 => 'FOS\\JsRoutingBundle\\Controller\\Controller',
  49 => 'HWI\\Bundle\\OAuthBundle\\Controller\\ConnectController',
  50 => 'HWI\\Bundle\\OAuthBundle\\Controller\\LoginController',
  51 => 'HWI\\Bundle\\OAuthBundle\\Controller\\RedirectToServiceController',
  52 => 'OutputDataConfigToolkitBundle\\Controller\\AdminController',
  53 => 'OutputDataConfigToolkitBundle\\Controller\\ClassController',
  54 => 'Pimcore\\Bundle\\AdminBundle\\Controller\\AdminController',
  55 => 'Pimcore\\Bundle\\AdminBundle\\Controller\\AdminControllerInterface',
  56 => 'Pimcore\\Bundle\\AdminBundle\\Controller\\Admin\\Asset\\AssetController',
  57 => 'Pimcore\\Bundle\\AdminBundle\\Controller\\Admin\\Asset\\AssetHelperController',
  58 => 'Pimcore\\Bundle\\AdminBundle\\Controller\\Admin\\DataObject\\ClassController',
  59 => 'Pimcore\\Bundle\\AdminBundle\\Controller\\Admin\\DataObject\\ClassificationstoreController',
  60 => 'Pimcore\\Bundle\\AdminBundle\\Controller\\Admin\\DataObject\\DataObjectController',
  61 => 'Pimcore\\Bundle\\AdminBundle\\Controller\\Admin\\DataObject\\DataObjectHelperController',
  62 => 'Pimcore\\Bundle\\AdminBundle\\Controller\\Admin\\DataObject\\QuantityValueController',
  63 => 'Pimcore\\Bundle\\AdminBundle\\Controller\\Admin\\DataObject\\VariantsController',
  64 => 'Pimcore\\Bundle\\AdminBundle\\Controller\\Admin\\Document\\DocumentController',
  65 => 'Pimcore\\Bundle\\AdminBundle\\Controller\\Admin\\Document\\DocumentControllerBase',
  66 => 'Pimcore\\Bundle\\AdminBundle\\Controller\\Admin\\Document\\EmailController',
  67 => 'Pimcore\\Bundle\\AdminBundle\\Controller\\Admin\\Document\\FolderController',
  68 => 'Pimcore\\Bundle\\AdminBundle\\Controller\\Admin\\Document\\HardlinkController',
  69 => 'Pimcore\\Bundle\\AdminBundle\\Controller\\Admin\\Document\\LinkController',
  70 => 'Pimcore\\Bundle\\AdminBundle\\Controller\\Admin\\Document\\NewsletterController',
  71 => 'Pimcore\\Bundle\\AdminBundle\\Controller\\Admin\\Document\\PageController',
  72 => 'Pimcore\\Bundle\\AdminBundle\\Controller\\Admin\\Document\\PrintcontainerController',
  73 => 'Pimcore\\Bundle\\AdminBundle\\Controller\\Admin\\Document\\PrintpageController',
  74 => 'Pimcore\\Bundle\\AdminBundle\\Controller\\Admin\\Document\\PrintpageControllerBase',
  75 => 'Pimcore\\Bundle\\AdminBundle\\Controller\\Admin\\Document\\RenderletController',
  76 => 'Pimcore\\Bundle\\AdminBundle\\Controller\\Admin\\Document\\SnippetController',
  77 => 'Pimcore\\Bundle\\AdminBundle\\Controller\\Admin\\ElementController',
  78 => 'Pimcore\\Bundle\\AdminBundle\\Controller\\Admin\\ElementControllerBase',
  79 => 'Pimcore\\Bundle\\AdminBundle\\Controller\\Admin\\EmailController',
  80 => 'Pimcore\\Bundle\\AdminBundle\\Controller\\Admin\\External\\AdminerController',
  81 => 'Pimcore\\Bundle\\AdminBundle\\Controller\\Admin\\External\\OpcacheController',
  82 => 'Pimcore\\Bundle\\AdminBundle\\Controller\\Admin\\IndexController',
  83 => 'Pimcore\\Bundle\\AdminBundle\\Controller\\Admin\\InstallController',
  84 => 'Pimcore\\Bundle\\AdminBundle\\Controller\\Admin\\LogController',
  85 => 'Pimcore\\Bundle\\AdminBundle\\Controller\\Admin\\LoginController',
  86 => 'Pimcore\\Bundle\\AdminBundle\\Controller\\Admin\\MiscController',
  87 => 'Pimcore\\Bundle\\AdminBundle\\Controller\\Admin\\NotificationController',
  88 => 'Pimcore\\Bundle\\AdminBundle\\Controller\\Admin\\PortalController',
  89 => 'Pimcore\\Bundle\\AdminBundle\\Controller\\Admin\\RecyclebinController',
  90 => 'Pimcore\\Bundle\\AdminBundle\\Controller\\Admin\\RedirectsController',
  91 => 'Pimcore\\Bundle\\AdminBundle\\Controller\\Admin\\SettingsController',
  92 => 'Pimcore\\Bundle\\AdminBundle\\Controller\\Admin\\TagsController',
  93 => 'Pimcore\\Bundle\\AdminBundle\\Controller\\Admin\\TargetingController',
  94 => 'Pimcore\\Bundle\\AdminBundle\\Controller\\Admin\\TranslationController',
  95 => 'Pimcore\\Bundle\\AdminBundle\\Controller\\Admin\\UserController',
  96 => 'Pimcore\\Bundle\\AdminBundle\\Controller\\Admin\\WorkflowController',
  97 => 'Pimcore\\Bundle\\AdminBundle\\Controller\\BruteforceProtectedControllerInterface',
  98 => 'Pimcore\\Bundle\\AdminBundle\\Controller\\DoubleAuthenticationControllerInterface',
  99 => 'Pimcore\\Bundle\\AdminBundle\\Controller\\ExtensionManager\\ExtensionManagerController',
  100 => 'Pimcore\\Bundle\\AdminBundle\\Controller\\GDPR\\AdminController',
  101 => 'Pimcore\\Bundle\\AdminBundle\\Controller\\GDPR\\AssetController',
  102 => 'Pimcore\\Bundle\\AdminBundle\\Controller\\GDPR\\DataObjectController',
  103 => 'Pimcore\\Bundle\\AdminBundle\\Controller\\GDPR\\PimcoreUsersController',
  104 => 'Pimcore\\Bundle\\AdminBundle\\Controller\\GDPR\\SentMailController',
  105 => 'Pimcore\\Bundle\\AdminBundle\\Controller\\Reports\\AnalyticsController',
  106 => 'Pimcore\\Bundle\\AdminBundle\\Controller\\Reports\\CustomReportController',
  107 => 'Pimcore\\Bundle\\AdminBundle\\Controller\\Reports\\ReportsControllerBase',
  108 => 'Pimcore\\Bundle\\AdminBundle\\Controller\\Reports\\SettingsController',
  109 => 'Pimcore\\Bundle\\AdminBundle\\Controller\\Searchadmin\\SearchController',
  110 => 'Pimcore\\Bundle\\AdminBundle\\Controller\\Traits\\AdminStyleTrait',
  111 => 'Pimcore\\Bundle\\AdminBundle\\Controller\\Traits\\ApplySchedulerDataTrait',
  112 => 'Pimcore\\Bundle\\AdminBundle\\Controller\\Traits\\DocumentTreeConfigTrait',
  113 => 'Pimcore\\Bundle\\CoreBundle\\Controller\\PublicServicesController',
  114 => 'Pimcore\\Bundle\\DataHubBundle\\Controller\\ConfigController',
  115 => 'Pimcore\\Bundle\\DataHubBundle\\Controller\\GraphQLExplorerController',
  116 => 'Pimcore\\Bundle\\DataHubBundle\\Controller\\WebserviceController',
  117 => 'Pimcore\\Bundle\\EcommerceFrameworkBundle\\Controller\\AdminOrderController',
  118 => 'Pimcore\\Bundle\\EcommerceFrameworkBundle\\Controller\\ConfigController',
  119 => 'Pimcore\\Bundle\\EcommerceFrameworkBundle\\Controller\\FindologicController',
  120 => 'Pimcore\\Bundle\\EcommerceFrameworkBundle\\Controller\\IndexController',
  121 => 'Pimcore\\Bundle\\EcommerceFrameworkBundle\\Controller\\PricingController',
  122 => 'Pimcore\\Bundle\\EcommerceFrameworkBundle\\Controller\\VoucherController',
  123 => 'Pimcore\\Bundle\\ObjectMergerBundle\\Controller\\AdminController',
  124 => 'Pimcore\\Controller\\ArgumentValueResolver\\DocumentValueResolver',
  125 => 'Pimcore\\Controller\\ArgumentValueResolver\\EditmodeValueResolver',
  126 => 'Pimcore\\Controller\\ArgumentValueResolver\\WebsiteConfigValueResolver',
  127 => 'Pimcore\\Controller\\Config\\ControllerDataProvider',
  128 => 'Pimcore\\Controller\\Configuration\\ResponseHeader',
  129 => 'Pimcore\\Controller\\Controller',
  130 => 'Pimcore\\Controller\\FrontendController',
  131 => 'Pimcore\\Controller\\KernelControllerEventInterface',
  132 => 'Pimcore\\Controller\\KernelResponseEventInterface',
  133 => 'Pimcore\\Controller\\Traits\\ElementEditLockHelperTrait',
  134 => 'Presta\\SitemapBundle\\Controller\\SitemapController',
  135 => 'Scheb\\TwoFactorBundle\\Controller\\FormController',
  137 => 'Symfony\\Bundle\\FrameworkBundle\\Controller\\ControllerResolver',
  138 => 'Symfony\\Bundle\\FrameworkBundle\\Controller\\RedirectController',
  139 => 'Symfony\\Bundle\\FrameworkBundle\\Controller\\TemplateController',
  140 => 'Symfony\\Bundle\\WebProfilerBundle\\Controller\\ExceptionPanelController',
  141 => 'Symfony\\Bundle\\WebProfilerBundle\\Controller\\ProfilerController',
  142 => 'Symfony\\Bundle\\WebProfilerBundle\\Controller\\RouterController',
  143 => 'Symfony\\Cmf\\Bundle\\RoutingBundle\\Controller\\RedirectController',
  144 => 'Symfony\\Component\\HttpKernel\\Controller\\ArgumentResolver',
  145 => 'Symfony\\Component\\HttpKernel\\Controller\\ArgumentResolverInterface',
  146 => 'Symfony\\Component\\HttpKernel\\Controller\\ArgumentResolver\\DefaultValueResolver',
  147 => 'Symfony\\Component\\HttpKernel\\Controller\\ArgumentResolver\\NotTaggedControllerValueResolver',
  148 => 'Symfony\\Component\\HttpKernel\\Controller\\ArgumentResolver\\RequestAttributeValueResolver',
  149 => 'Symfony\\Component\\HttpKernel\\Controller\\ArgumentResolver\\RequestValueResolver',
  150 => 'Symfony\\Component\\HttpKernel\\Controller\\ArgumentResolver\\ServiceValueResolver',
  151 => 'Symfony\\Component\\HttpKernel\\Controller\\ArgumentResolver\\SessionValueResolver',
  152 => 'Symfony\\Component\\HttpKernel\\Controller\\ArgumentResolver\\TraceableValueResolver',
  153 => 'Symfony\\Component\\HttpKernel\\Controller\\ArgumentResolver\\VariadicValueResolver',
  154 => 'Symfony\\Component\\HttpKernel\\Controller\\ArgumentValueResolverInterface',
  155 => 'Symfony\\Component\\HttpKernel\\Controller\\ContainerControllerResolver',
  156 => 'Symfony\\Component\\HttpKernel\\Controller\\ControllerReference',
  157 => 'Symfony\\Component\\HttpKernel\\Controller\\ControllerResolver',
  158 => 'Symfony\\Component\\HttpKernel\\Controller\\ControllerResolverInterface',
  159 => 'Symfony\\Component\\HttpKernel\\Controller\\ErrorController',
  160 => 'Symfony\\Component\\HttpKernel\\Controller\\TraceableArgumentResolver',
  161 => 'Symfony\\Component\\HttpKernel\\Controller\\TraceableControllerResolver',
  162 => 'Symfony\\Component\\Security\\Http\\Controller\\UserValueResolver',
  163 => 'Web2PrintToolsBundle\\Controller\\AdminController',
);